
> portfolio@0.0.0 build
> tsc -b && vite build

src/components/Navigation.tsx(1,1): error TS6133: 'Menu' is declared but its value is never read.
